Running Gradle task 'assembleDebug'...                          
flutter : lib/screens/user/user_home_screen.dart:229:51: Error: Required 
named parameter 'apiKey' must be provided.
At line:1 char:1
+ flutter build apk --debug > build_output.txt 2>&1
+ ~~~~~~~~~~~~~~~~~~~~~~~~~~~~~~~~~~~~~~~~~~~~~~~~~
    + CategoryInfo          : NotSpecified: (lib/screens/use...st be prov 
   ided.:String) [], RemoteException
    + FullyQualifiedErrorId : NativeCommandError
 
    PolylinePoints polylinePoints = PolylinePoints();
                                                  ^
/C:/Users/Aarya/AppData/Local/Pub/Cache/hosted/pub.dev/flutter_polyline_po
ints-3.1.0/lib/src/polyline_points.dart:27:3: Context: Found this 
candidate, but the arguments don't match.
  PolylinePoints({
  ^^^^^^^^^^^^^^
lib/screens/user/user_home_screen.dart:235:9: Error: No named parameter 
with the name 'apiKey'.
        apiKey: googleMapsApiKey,
        ^^^^^^
/C:/Users/Aarya/AppData/Local/Pub/Cache/hosted/pub.dev/flutter_polyline_po
ints-3.1.0/lib/src/utils/polyline_request.dart:56:3: Context: Found this 
candidate, but the arguments don't match.
  PolylineRequest({
  ^^^^^^^^^^^^^^^
Target kernel_snapshot_program failed: Exception


FAILURE: Build failed with an exception.

* What went wrong:
Execution failed for task ':app:compileFlutterBuildDebug'.
> Process 'command 
'C:\flutter_windows_3.38.5-stable\flutter\bin\flutter.bat'' finished with 
non-zero exit value 1

* Try:
> Run with --stacktrace option to get the stack trace.
> Run with --info or --debug option to get more log output.
> Run with --scan to get full insights.
> Get more help at https://help.gradle.org.

BUILD FAILED in 7s
Running Gradle task 'assembleDebug'...                              8.0s
Gradle task assembleDebug failed with exit code 1
